Mahantesh@DESKTOP-C5FCVI1 MINGW64 ~ (master)
$ mkdir DEMO

Mahantesh@DESKTOP-C5FCVI1 MINGW64 ~ (master)
$ cd DEMO

Mahantesh@DESKTOP-C5FCVI1 MINGW64 ~/DEMO (master)
$ git clone https://github.com/mahantesh9284343/DEMO.git
Cloning into 'DEMO'...
warning: You appear to have cloned an empty repository.

Mahantesh@DESKTOP-C5FCVI1 MINGW64 ~/DEMO (master)
$ ls
DEMO/

Mahantesh@DESKTOP-C5FCVI1 MINGW64 ~/DEMO (master)
$ git config --global user.email "mahantesh9284343696@gmail.com"

Mahantesh@DESKTOP-C5FCVI1 MINGW64 ~/DEMO (master)
$ git config --global user.name "mahantesh9284343"

Mahantesh@DESKTOP-C5FCVI1 MINGW64 ~/DEMO (master)
$ ls -la
total 16
drwxr-xr-x 1 Mahantesh 197121 0 Jun 24 19:24 ./
drwxr-xr-x 1 Mahantesh 197121 0 Jun 24 19:35 ../
drwxr-xr-x 1 Mahantesh 197121 0 Jun 24 19:24 DEMO/

Mahantesh@DESKTOP-C5FCVI1 MINGW64 ~/DEMO (master)
$ cd DEMO

Mahantesh@DESKTOP-C5FCVI1 MINGW64 ~/DEMO/DEMO (master)
$ ls

Mahantesh@DESKTOP-C5FCVI1 MINGW64 ~/DEMO/DEMO (master)
$ ls -la
total 4
drwxr-xr-x 1 Mahantesh 197121 0 Jun 24 19:24 ./
drwxr-xr-x 1 Mahantesh 197121 0 Jun 24 19:24 ../
drwxr-xr-x 1 Mahantesh 197121 0 Jun 24 19:24 .git/

Mahantesh@DESKTOP-C5FCVI1 MINGW64 ~/DEMO/DEMO (master)
$ visual studio code 1.html
bash: visual: command not found

Mahantesh@DESKTOP-C5FCVI1 MINGW64 ~/DEMO/DEMO (master)
$ code 1.html

Mahantesh@DESKTOP-C5FCVI1 MINGW64 ~/DEMO/DEMO (master)
$ ls

Mahantesh@DESKTOP-C5FCVI1 MINGW64 ~/DEMO/DEMO (master)
$ ls
1.html

Mahantesh@DESKTOP-C5FCVI1 MINGW64 ~/DEMO/DEMO (master)
$ git status
On branch master

No commits yet

Untracked files:
  (use "git add <file>..." to include in what will be committed)
        1.html

nothing added to commit but untracked files present (use "git add" to track)

Mahantesh@DESKTOP-C5FCVI1 MINGW64 ~/DEMO/DEMO (master)
$ pycharm pro.py
bash: pycharm: command not found

Mahantesh@DESKTOP-C5FCVI1 MINGW64 ~/DEMO/DEMO (master)
$ notepad pro.py

Mahantesh@DESKTOP-C5FCVI1 MINGW64 ~/DEMO/DEMO (master)
$ ls -la
total 5
drwxr-xr-x 1 Mahantesh 197121  0 Jun 24 20:06 ./
drwxr-xr-x 1 Mahantesh 197121  0 Jun 24 19:24 ../
drwxr-xr-x 1 Mahantesh 197121  0 Jun 24 19:56 .git/
-rw-r--r-- 1 Mahantesh 197121 54 Jun 24 19:49 1.html
-rw-r--r-- 1 Mahantesh 197121  0 Jun 24 20:06 pro.py

Mahantesh@DESKTOP-C5FCVI1 MINGW64 ~/DEMO/DEMO (master)
$ ls
1.html  add.txt  pro.py

Mahantesh@DESKTOP-C5FCVI1 MINGW64 ~/DEMO/DEMO (master)
$ git status
On branch master

No commits yet

Untracked files:
  (use "git add <file>..." to include in what will be committed)
        1.html
        add.txt
        pro.py

nothing added to commit but untracked files present (use "git add" to track)

Mahantesh@DESKTOP-C5FCVI1 MINGW64 ~/DEMO/DEMO (master)
$ git add 1.html add.txt

Mahantesh@DESKTOP-C5FCVI1 MINGW64 ~/DEMO/DEMO (master)
$ git status
On branch master

No commits yet

Changes to be committed:
  (use "git rm --cached <file>..." to unstage)
        new file:   1.html
        new file:   add.txt

Untracked files:
  (use "git add <file>..." to include in what will be committed)
        pro.py


Mahantesh@DESKTOP-C5FCVI1 MINGW64 ~/DEMO/DEMO (master)
$ git commit -m "Adding 2 files"
[master (root-commit) 56c33f1] Adding 2 files
 2 files changed, 5 insertions(+)
 create mode 100644 1.html
 create mode 100644 add.txt

Mahantesh@DESKTOP-C5FCVI1 MINGW64 ~/DEMO/DEMO (master)
$ git status
On branch master
Your branch is based on 'origin/master', but the upstream is gone.
  (use "git branch --unset-upstream" to fixup)

Untracked files:
  (use "git add <file>..." to include in what will be committed)
        pro.py

nothing added to commit but untracked files present (use "git add" to track)

Mahantesh@DESKTOP-C5FCVI1 MINGW64 ~/DEMO/DEMO (master)
$ git push -u origin master
Enumerating objects: 4, done.
Counting objects: 100% (4/4), done.
Delta compression using up to 4 threads
Compressing objects: 100% (3/3), done.
Writing objects: 100% (4/4), 284 bytes | 94.00 KiB/s, done.
Total 4 (delta 0), reused 0 (delta 0), pack-reused 0
To https://github.com/mahantesh9284343/DEMO.git
 * [new branch]      master -> master
Branch 'master' set up to track remote branch 'master' from 'origin'.

Mahantesh@DESKTOP-C5FCVI1 MINGW64 ~/DEMO/DEMO (master)
$ git status
On branch master
Your branch is up to date with 'origin/master'.

Untracked files:
  (use "git add <file>..." to include in what will be committed)
        pro.py

nothing added to commit but untracked files present (use "git add" to track)

Mahantesh@DESKTOP-C5FCVI1 MINGW64 ~/DEMO/DEMO (master)
$ git pull
remote: Enumerating objects: 4, done.
remote: Counting objects: 100% (4/4), done.
remote: Compressing objects: 100% (3/3), done.
remote: Total 3 (delta 0), reused 0 (delta 0), pack-reused 0
Unpacking objects: 100% (3/3), 722 bytes | 3.00 KiB/s, done.
From https://github.com/mahantesh9284343/DEMO
   56c33f1..be113d2  master     -> origin/master
Updating 56c33f1..be113d2
Fast-forward
 bday.html | 5 +++++
 1 file changed, 5 insertions(+)
 create mode 100644 bday.html

Mahantesh@DESKTOP-C5FCVI1 MINGW64 ~/DEMO/DEMO (master)
$ ls
1.html  add.txt  bday.html  pro.py

Mahantesh@DESKTOP-C5FCVI1 MINGW64 ~/DEMO/DEMO (master)
$ git clone https://github.com/mahantesh9284343/problem-solving-iiith.git
Cloning into 'problem-solving-iiith'...
remote: Enumerating objects: 7604, done.
remote: Total 7604 (delta 0), reused 0 (delta 0), pack-reused 7604
Receiving objects: 100% (7604/7604), 8.13 MiB | 103.00 KiB/s, done.
Resolving deltas: 100% (6310/6310), done.
Updating files: 100% (3189/3189), done.
warning: the following paths have collided (e.g. case-sensitive paths
on a case-insensitive filesystem) and only one from the same
colliding group is in the working tree:

  'src/lab/exp1/Objective.html'
  'src/lab/exp1/objective.html'
  'src/lab/exp1/Theory.html'
  'src/lab/exp1/theory.html'
  'src/lab/exp10/Objective.html'
  'src/lab/exp10/objective.html'
  'src/lab/exp10/Theory.html'
  'src/lab/exp10/theory.html'
  'src/lab/exp2/Hints2/judgeCode.c'
  'src/lab/exp2/Hints2/judgecode.c'
  'src/lab/exp2/Objective.html'
  'src/lab/exp2/objective.html'
  'src/lab/exp2/Problem2/judgeCode.out'
  'src/lab/exp2/Problem2/judgecode.out'
  'src/lab/exp2/Theory.html'
  'src/lab/exp2/theory.html'
  'src/lab/exp3/Objective.html'
  'src/lab/exp3/objective.html'
  'src/lab/exp3/Theory.html'
  'src/lab/exp3/theory.html'
  'src/lab/exp4/Objective.html'
  'src/lab/exp4/objective.html'
  'src/lab/exp4/Theory.html'
  'src/lab/exp4/theory.html'
  'src/lab/exp5/Objective.html'
  'src/lab/exp5/objective.html'
  'src/lab/exp5/Theory.html'
  'src/lab/exp5/theory.html'
  'src/lab/exp6/Objective.html'
  'src/lab/exp6/objective.html'
  'src/lab/exp6/Theory.html'
  'src/lab/exp6/theory.html'
  'src/lab/exp7/Objective.html'
  'src/lab/exp7/objective.html'
  'src/lab/exp7/Problem2/judgeCode.c'
  'src/lab/exp7/Problem2/judgecode.c'
  'src/lab/exp7/Theory.html'
  'src/lab/exp7/theory.html'
  'src/lab/exp8/Objective.html'
  'src/lab/exp8/objective.html'
  'src/lab/exp8/Theory.html'
  'src/lab/exp8/theory.html'
  'src/lab/exp9/Objective.html'
  'src/lab/exp9/objective.html'
  'src/lab/exp9/Theory.html'
  'src/lab/exp9/theory.html'

Mahantesh@DESKTOP-C5FCVI1 MINGW64 ~/DEMO/DEMO (master)
$ ls
1.html  add.txt  bday.html  pro.py  problem-solving-iiith/

Mahantesh@DESKTOP-C5FCVI1 MINGW64 ~/DEMO/DEMO (master)
$ cd problem-solving-iiith/

Mahantesh@DESKTOP-C5FCVI1 MINGW64 ~/DEMO/DEMO/problem-solving-iiith (master)
$ ls
 Dockerfile                         README.txt         test-cases/
'Documentation on QA Process.org'   requirements.org   testreport.org
 impact-analysis/                   scripts/
 license.org                        src/

Mahantesh@DESKTOP-C5FCVI1 MINGW64 ~/DEMO/DEMO/problem-solving-iiith (master)
$ mv ../pro.py .

Mahantesh@DESKTOP-C5FCVI1 MINGW64 ~/DEMO/DEMO/problem-solving-iiith (master)
$ ls
 Dockerfile                         pro.py             src/
'Documentation on QA Process.org'   README.txt         test-cases/
 impact-analysis/                   requirements.org   testreport.org
 license.org                        scripts/

Mahantesh@DESKTOP-C5FCVI1 MINGW64 ~/DEMO/DEMO/problem-solving-iiith (master)
$ git add pro.py

Mahantesh@DESKTOP-C5FCVI1 MINGW64 ~/DEMO/DEMO/problem-solving-iiith (master)
$ git commit -m "Added python file"
[master bc71943] Added python file
 1 file changed, 0 insertions(+), 0 deletions(-)
 create mode 100644 pro.py

Mahantesh@DESKTOP-C5FCVI1 MINGW64 ~/DEMO/DEMO/problem-solving-iiith (master)
$ git push -u origin master
Enumerating objects: 4, done.
Counting objects: 100% (4/4), done.
Delta compression using up to 4 threads
Compressing objects: 100% (2/2), done.
Writing objects: 100% (3/3), 270 bytes | 90.00 KiB/s, done.
Total 3 (delta 1), reused 1 (delta 0), pack-reused 0
remote: Resolving deltas: 100% (1/1), completed with 1 local object.
To https://github.com/mahantesh9284343/problem-solving-iiith.git
   07eef5c..bc71943  master -> master
Branch 'master' set up to track remote branch 'master' from 'origin'.

